// Vitest Snapshot v1, https://vitest.dev/guide/snapshot.html

exports[`SETUP-02 DataStack > matches the table snapshot 1`] = `
{
  "Outputs": {
    "ExportsOutputFnGetAttTableCD117FA1ArnE2C8C204": {
      "Export": {
        "Name": "test-DataStack:ExportsOutputFnGetAttTableCD117FA1ArnE2C8C204",
      },
      "Value": {
        "Fn::GetAtt": [
          "TableCD117FA1",
          "Arn",
        ],
      },
    },
    "ExportsOutputFnGetAttTableCD117FA1StreamArnB270E65B": {
      "Export": {
        "Name": "test-DataStack:ExportsOutputFnGetAttTableCD117FA1StreamArnB270E65B",
      },
      "Value": {
        "Fn::GetAtt": [
          "TableCD117FA1",
          "StreamArn",
        ],
      },
    },
    "ExportsOutputRefTableCD117FA1D18A8047": {
      "Export": {
        "Name": "test-DataStack:ExportsOutputRefTableCD117FA1D18A8047",
      },
      "Value": {
        "Ref": "TableCD117FA1",
      },
    },
  },
  "Parameters": {
    "BootstrapVersion": {
      "Default": "/cdk-bootstrap/hnb659fds/version",
      "Description": "Version of the CDK Bootstrap resources in this environment, automatically retrieved from SSM Parameter Store. [cdk:skip]",
      "Type": "AWS::SSM::Parameter::Value<String>",
    },
  },
  "Resources": {
    "TableCD117FA1": {
      "DeletionPolicy": "Retain",
      "Properties": {
        "AttributeDefinitions": [
          {
            "AttributeName": "PK",
            "AttributeType": "S",
          },
          {
            "AttributeName": "SK",
            "AttributeType": "S",
          },
          {
            "AttributeName": "GSI1PK",
            "AttributeType": "S",
          },
          {
            "AttributeName": "GSI1SK",
            "AttributeType": "S",
          },
          {
            "AttributeName": "GSI2PK",
            "AttributeType": "S",
          },
          {
            "AttributeName": "GSI2SK",
            "AttributeType": "S",
          },
        ],
        "BillingMode": "PAY_PER_REQUEST",
        "DeletionProtectionEnabled": true,
        "GlobalSecondaryIndexes": [
          {
            "IndexName": "GSI1",
            "KeySchema": [
              {
                "AttributeName": "GSI1PK",
                "KeyType": "HASH",
              },
              {
                "AttributeName": "GSI1SK",
                "KeyType": "RANGE",
              },
            ],
            "Projection": {
              "ProjectionType": "ALL",
            },
          },
          {
            "IndexName": "GSI2",
            "KeySchema": [
              {
                "AttributeName": "GSI2PK",
                "KeyType": "HASH",
              },
              {
                "AttributeName": "GSI2SK",
                "KeyType": "RANGE",
              },
            ],
            "Projection": {
              "ProjectionType": "ALL",
            },
          },
        ],
        "KeySchema": [
          {
            "AttributeName": "PK",
            "KeyType": "HASH",
          },
          {
            "AttributeName": "SK",
            "KeyType": "RANGE",
          },
        ],
        "PointInTimeRecoverySpecification": {
          "PointInTimeRecoveryEnabled": true,
        },
        "StreamSpecification": {
          "StreamViewType": "NEW_IMAGE",
        },
        "TimeToLiveSpecification": {
          "AttributeName": "expiresAt",
          "Enabled": true,
        },
      },
      "Type": "AWS::DynamoDB::Table",
      "UpdateReplacePolicy": "Retain",
    },
  },
  "Rules": {
    "CheckBootstrapVersion": {
      "Assertions": [
        {
          "Assert": {
            "Fn::Not": [
              {
                "Fn::Contains": [
                  [
                    "1",
                    "2",
                    "3",
                    "4",
                    "5",
                  ],
                  {
                    "Ref": "BootstrapVersion",
                  },
                ],
              },
            ],
          },
          "AssertDescription": "CDK bootstrap stack version 6 required. Please run 'cdk bootstrap' with a recent version of the CDK CLI.",
        },
      ],
    },
  },
}
`;
